<?xml version="1.0" encoding="UTF-8"?>
<testsuites name="jest tests" tests="8" failures="0" errors="0" time="2.647">
  <testsuite name="Critical Trinity Agents" errors="0" failures="0" skipped="0" timestamp="2025-10-05T22:40:33" time="2.262" tests="8">
    <testcase classname="Critical Trinity Agents › TAN Agent (Structure Specialist)" name="should create TAN agent instance" time="0.004">
    </testcase>
    <testcase classname="Critical Trinity Agents › TAN Agent (Structure Specialist)" name="should execute architecture analysis investigation" time="0.019">
    </testcase>
    <testcase classname="Critical Trinity Agents › ZEN Agent (Documentation Specialist)" name="should create ZEN agent instance" time="0.001">
    </testcase>
    <testcase classname="Critical Trinity Agents › ZEN Agent (Documentation Specialist)" name="should execute custom investigation" time="0.014">
    </testcase>
    <testcase classname="Critical Trinity Agents › INO Agent (Context Specialist)" name="should create INO agent instance" time="0.001">
    </testcase>
    <testcase classname="Critical Trinity Agents › INO Agent (Context Specialist)" name="should execute custom investigation" time="0.013">
    </testcase>
    <testcase classname="Critical Trinity Agents › JUNO Agent (Quality Auditor)" name="should create JUNO agent instance" time="0.001">
    </testcase>
    <testcase classname="Critical Trinity Agents › JUNO Agent (Quality Auditor)" name="should execute code quality audit" time="0.013">
    </testcase>
  </testsuite>
</testsuites>